Traceback (most recent call last):
  File "C:\Program Files\Python314\Lib\shutil.py", line 701, in _rmtree_unsafe
    os.unlink(fullname)
    ~~~~~~~~~^^^^^^^^^^
PermissionError: [WinError 5] Ingen tilgang: 'C:\\Users\\engebu\\AppData\\Local\\Temp\\anon_txz52_n2\\content\\schema0\\table382\\lob4\\record9998.txt'

During handling of the above exception, another exception occurred:

Traceback (most recent call last):
  File "C:\Program Files\Python314\Lib\weakref.py", line 566, in _exitfunc
    f()
    ~^^
  File "C:\Program Files\Python314\Lib\weakref.py", line 490, in __call__
    return info.func(*info.args, **(info.kwargs or {}))
           ~~~~~~~~~^^^^^^^^^^^^^^^^^^^^^^^^^^^^^^^^^^^
  File "C:\Program Files\Python314\Lib\tempfile.py", line 960, in _cleanup
    cls._rmtree(name, ignore_errors=ignore_errors)
    ~~~~~~~~~~~^^^^^^^^^^^^^^^^^^^^^^^^^^^^^^^^^^^
  File "C:\Program Files\Python314\Lib\tempfile.py", line 955, in _rmtree
    _shutil.rmtree(name, onexc=onexc)
    ~~~~~~~~~~~~~~^^^^^^^^^^^^^^^^^^^
  File "C:\Program Files\Python314\Lib\shutil.py", line 852, in rmtree
    _rmtree_impl(path, dir_fd, onexc)
    ~~~~~~~~~~~~^^^^^^^^^^^^^^^^^^^^^
  File "C:\Program Files\Python314\Lib\shutil.py", line 705, in _rmtree_unsafe
    onexc(os.unlink, fullname, err)
    ~~~~~^^^^^^^^^^^^^^^^^^^^^^^^^^
  File "C:\Program Files\Python314\Lib\tempfile.py", line 927, in onexc
    _resetperms(path)
    ~~~~~~~~~~~^^^^^^
  File "C:\Program Files\Python314\Lib\tempfile.py", line 287, in _resetperms
    _dont_follow_symlinks(_os.chmod, path, 0o700)
    ~~~~~~~~~~~~~~~~~~~~~^^^^^^^^^^^^^^^^^^^^^^^^
  File "C:\Program Files\Python314\Lib\tempfile.py", line 276, in _dont_follow_symlinks
    func(path, *args, follow_symlinks=False)
    ~~~~^^^^^^^^^^^^^^^^^^^^^^^^^^^^^^^^^^^^
PermissionError: [WinError 5] Ingen tilgang: 'C:\\Users\\engebu\\AppData\\Local\\Temp\\anon_txz52_n2\\content\\schema0\\table382\\lob4\\record9998.txt'
warning: The `fitz` API is deprecated and will be removed in future. Use `import pymupdf` instead.
warning: The `fitz` API is deprecated and will be removed in future. Use `import pymupdf` instead.
warning: The `fitz` API is deprecated and will be removed in future. Use `import pymupdf` instead.
warning: The `fitz` API is deprecated and will be removed in future. Use `import pymupdf` instead.
warning: The `fitz` API is deprecated and will be removed in future. Use `import pymupdf` instead.
warning: The `fitz` API is deprecated and will be removed in future. Use `import pymupdf` instead.
warning: The `fitz` API is deprecated and will be removed in future. Use `import pymupdf` instead.
